<?xml version="1.0" encoding="UTF-8" ?><tv date="20251028">
<channel id="2TV.com"><display-name>2 TV</display-name><url>https://example.com</url></channel>
</tv>