<?xml version="1.0" encoding="UTF-8" ?><tv date="20251028">
<channel id="1TV.com"><display-name>1 TV</display-name><icon src="https://example.com/logos/1TV.png"/><url>https://example.com</url><lcn>36</lcn></channel>
<channel id="2TV.com"><display-name>2 TV</display-name><url>https://example.com</url></channel>
</tv>